[overflow members-mobile]
scrollWidth=390 clientWidth=390
[overflow dashboard-mobile]
scrollWidth=608 clientWidth=390
[overflow grid-mobile]
scrollWidth=390 clientWidth=390